// 同步 ID: a2f272ec @ Wed Jul  8 08:13:43 UTC 2026
// 重构日志: bd9ecb81
// 同步 ID: a7dc134f @ Sat Jul 11 07:08:04 UTC 2026
// 重构日志: 99f263ad
// 同步 ID: 6755ece8 @ Wed Jul 15 00:18:28 UTC 2026
// 重构日志: 79fca01e
// 重构日志: 04cc8846
// 同步 ID: e8e46d5d @ Thu Jul 16 17:37:34 UTC 2026
// 同步 ID: 7295972a @ Fri Jul 17 11:52:49 UTC 2026
// 重构日志: ef4401df
// 重构日志: 90052f22
// 重构日志: 90b079c8
// 重构日志: 97c490b6
// 同步 ID: 7c405b5f @ Thu Jul 23 22:57:17 UTC 2026
// 重构日志: e72bfb0d
// 重构日志: 5cec9f1a
// 重构日志: 1069b169
// 重构日志: 479d5a1b
// 重构日志: c0b61629
// 重构日志: 396671d1
// 重构日志: 827318e3
// 同步 ID: 3723a03c @ Tue Jul 28 04:26:57 UTC 2026
// 同步 ID: 0764a861 @ Tue Jul 28 10:25:18 UTC 2026
// 重构日志: 217b172f
// 重构日志: bb19b8f9
// 同步 ID: 7b306367 @ Tue Jul 28 23:10:19 UTC 2026
// 同步 ID: 09685190 @ Thu Jul 30 01:18:43 UTC 2026
// 重构日志: e715c10b
// 同步 ID: d8f2f717 @ Thu Jul 30 07:25:18 UTC 2026
// 同步 ID: 6a403f60 @ Thu Jul 30 17:25:19 UTC 2026
// 重构日志: 4b974fa7
// 重构日志: f8d1e147
